Archive member included because of file (symbol)

d:/winavr/bin/../lib/gcc/avr/4.3.3/avrxmega6\libgcc.a(_exit.o)
                              d:/winavr/bin/../lib/gcc/avr/4.3.3/../../../../avr/lib/avrxmega6/crtx128d3.o (exit)
d:/winavr/bin/../lib/gcc/avr/4.3.3/avrxmega6\libgcc.a(_clear_bss.o)
                              objdir/simpleserial-aes.o (__do_clear_bss)
d:/winavr/bin/../lib/gcc/avr/4.3.3/../../../../avr/lib/avrxmega6\libc.a(memcpy.o)
                              objdir/aes_keyschedule.o (memcpy)

Allocating common symbols
Common symbol       size              file

pt                  0x10              objdir/simpleserial-aes.o
ctx                 0xb0              objdir/aes-independant.o
ct                  0x10              objdir/simpleserial-aes.o

Memory Configuration

Name             Origin             Length             Attributes
text             0x00000000         0x00100000         xr
data             0x00802000         0x0000ffa0         rw !x
eeprom           0x00810000         0x00010000         rw !x
fuse             0x00820000         0x00000400         rw !x
lock             0x00830000         0x00000400         rw !x
signature        0x00840000         0x00000400         rw !x
*default*        0x00000000         0xffffffff

Linker script and memory map

LOAD d:/winavr/bin/../lib/gcc/avr/4.3.3/../../../../avr/lib/avrxmega6/crtx128d3.o
LOAD objdir/simpleserial-aes.o
LOAD objdir/simpleserial.o
LOAD objdir/XMEGA_AES_driver.o
LOAD objdir/uart.o
LOAD objdir/usart_driver.o
LOAD objdir/xmega_hal.o
LOAD objdir/aes-independant.o
LOAD objdir/aes_enc.o
LOAD objdir/aes_keyschedule.o
LOAD objdir/aes_sbox.o
LOAD objdir/aes128_enc.o
LOAD objdir/gf256mul.o
LOAD d:/winavr/bin/../lib/gcc/avr/4.3.3/../../../../avr/lib/avrxmega6\libm.a
LOAD d:/winavr/bin/../lib/gcc/avr/4.3.3/avrxmega6\libgcc.a
LOAD d:/winavr/bin/../lib/gcc/avr/4.3.3/../../../../avr/lib/avrxmega6\libc.a
LOAD d:/winavr/bin/../lib/gcc/avr/4.3.3/avrxmega6\libgcc.a

.hash
 *(.hash)

.dynsym
 *(.dynsym)

.dynstr
 *(.dynstr)

.gnu.version
 *(.gnu.version)

.gnu.version_d
 *(.gnu.version_d)

.gnu.version_r
 *(.gnu.version_r)

.rel.init
 *(.rel.init)

.rela.init
 *(.rela.init)

.rel.text
 *(.rel.text)
 *(.rel.text.*)
 *(.rel.gnu.linkonce.t*)

.rela.text
 *(.rela.text)
 *(.rela.text.*)
 *(.rela.gnu.linkonce.t*)

.rel.fini
 *(.rel.fini)

.rela.fini
 *(.rela.fini)

.rel.rodata
 *(.rel.rodata)
 *(.rel.rodata.*)
 *(.rel.gnu.linkonce.r*)

.rela.rodata
 *(.rela.rodata)
 *(.rela.rodata.*)
 *(.rela.gnu.linkonce.r*)

.rel.data
 *(.rel.data)
 *(.rel.data.*)
 *(.rel.gnu.linkonce.d*)

.rela.data
 *(.rela.data)
 *(.rela.data.*)
 *(.rela.gnu.linkonce.d*)

.rel.ctors
 *(.rel.ctors)

.rela.ctors
 *(.rela.ctors)

.rel.dtors
 *(.rel.dtors)

.rela.dtors
 *(.rela.dtors)

.rel.got
 *(.rel.got)

.rela.got
 *(.rela.got)

.rel.bss
 *(.rel.bss)

.rela.bss
 *(.rela.bss)

.rel.plt
 *(.rel.plt)

.rela.plt
 *(.rela.plt)

.text           0x00000000      0xd6a
 *(.vectors)
 .vectors       0x00000000      0x1c8 d:/winavr/bin/../lib/gcc/avr/4.3.3/../../../../avr/lib/avrxmega6/crtx128d3.o
                0x00000000                __vectors
                0x00000000                __vector_default
 *(.vectors)
 *(.progmem.gcc*)
 *(.progmem*)
 .progmem.data  0x000001c8        0xa objdir/aes_keyschedule.o
                0x000001c8                rc_tab
 .progmem.data  0x000001d2      0x100 objdir/aes_sbox.o
                0x000001d2                aes_sbox
                0x000002d2                . = ALIGN (0x2)
                0x000002d2                __trampolines_start = .
 *(.trampolines)
 .trampolines   0x000002d2        0x0 linker stubs
 *(.trampolines*)
                0x000002d2                __trampolines_end = .
 *(.jumptables)
 *(.jumptables*)
 *(.lowtext)
 *(.lowtext*)
                0x000002d2                __ctors_start = .
 *(.ctors)
                0x000002d2                __ctors_end = .
                0x000002d2                __dtors_start = .
 *(.dtors)
                0x000002d2                __dtors_end = .
 SORT(*)(.ctors)
 SORT(*)(.dtors)
 *(.init0)
 .init0         0x000002d2        0x0 d:/winavr/bin/../lib/gcc/avr/4.3.3/../../../../avr/lib/avrxmega6/crtx128d3.o
                0x000002d2                __init
 *(.init0)
 *(.init1)
 *(.init1)
 *(.init2)
 .init2         0x000002d2       0x10 d:/winavr/bin/../lib/gcc/avr/4.3.3/../../../../avr/lib/avrxmega6/crtx128d3.o
 *(.init2)
 *(.init3)
 *(.init3)
 *(.init4)
 .init4         0x000002e2       0x1a d:/winavr/bin/../lib/gcc/avr/4.3.3/../../../../avr/lib/avrxmega6/crtx128d3.o
                0x000002e2                __do_copy_data
 .init4         0x000002fc       0x10 d:/winavr/bin/../lib/gcc/avr/4.3.3/avrxmega6\libgcc.a(_clear_bss.o)
                0x000002fc                __do_clear_bss
 *(.init4)
 *(.init5)
 *(.init5)
 *(.init6)
 *(.init6)
 *(.init7)
 *(.init7)
 *(.init8)
 *(.init8)
 *(.init9)
 .init9         0x0000030c        0x8 d:/winavr/bin/../lib/gcc/avr/4.3.3/../../../../avr/lib/avrxmega6/crtx128d3.o
 *(.init9)
 *(.text)
 .text          0x00000314        0x4 d:/winavr/bin/../lib/gcc/avr/4.3.3/../../../../avr/lib/avrxmega6/crtx128d3.o
                0x00000314                __vector_38
                0x00000314                __vector_104
                0x00000314                __vector_22
                0x00000314                __vector_63
                0x00000314                __vector_28
                0x00000314                __vector_67
                0x00000314                __vector_1
                0x00000314                __vector_32
                0x00000314                __vector_75
                0x00000314                __vector_71
                0x00000314                __vector_91
                0x00000314                __vector_34
                0x00000314                __vector_62
                0x00000314                __vector_77
                0x00000314                __vector_102
                0x00000314                __vector_24
                0x00000314                __vector_12
                0x00000314                __vector_55
                0x00000314                __vector_69
                0x00000314                __vector_81
                0x00000314                __vector_90
                0x00000314                __vector_46
                0x00000314                __bad_interrupt
                0x00000314                __vector_72
                0x00000314                __vector_6
                0x00000314                __vector_110
                0x00000314                __vector_31
                0x00000314                __vector_92
                0x00000314                __vector_35
                0x00000314                __vector_78
                0x00000314                __vector_74
                0x00000314                __vector_39
                0x00000314                __vector_107
                0x00000314                __vector_3
                0x00000314                __vector_105
                0x00000314                __vector_98
                0x00000314                __vector_23
                0x00000314                __vector_68
                0x00000314                __vector_30
                0x00000314                __vector_73
                0x00000314                __vector_45
                0x00000314                __vector_25
                0x00000314                __vector_93
                0x00000314                __vector_61
                0x00000314                __vector_11
                0x00000314                __vector_54
                0x00000314                __vector_99
                0x00000314                __vector_13
                0x00000314                __vector_17
                0x00000314                __vector_19
                0x00000314                __vector_56
                0x00000314                __vector_7
                0x00000314                __vector_49
                0x00000314                __vector_41
                0x00000314                __vector_86
                0x00000314                __vector_100
                0x00000314                __vector_101
                0x00000314                __vector_64
                0x00000314                __vector_88
                0x00000314                __vector_109
                0x00000314                __vector_43
                0x00000314                __vector_27
                0x00000314                __vector_5
                0x00000314                __vector_113
                0x00000314                __vector_33
                0x00000314                __vector_76
                0x00000314                __vector_47
                0x00000314                __vector_52
                0x00000314                __vector_37
                0x00000314                __vector_95
                0x00000314                __vector_103
                0x00000314                __vector_96
                0x00000314                __vector_89
                0x00000314                __vector_108
                0x00000314                __vector_4
                0x00000314                __vector_44
                0x00000314                __vector_82
                0x00000314                __vector_106
                0x00000314                __vector_51
                0x00000314                __vector_9
                0x00000314                __vector_2
                0x00000314                __vector_21
                0x00000314                __vector_15
                0x00000314                __vector_66
                0x00000314                __vector_36
                0x00000314                __vector_79
                0x00000314                __vector_58
                0x00000314                __vector_70
                0x00000314                __vector_83
                0x00000314                __vector_29
                0x00000314                __vector_60
                0x00000314                __vector_40
                0x00000314                __vector_85
                0x00000314                __vector_94
                0x00000314                __vector_8
                0x00000314                __vector_26
                0x00000314                __vector_48
                0x00000314                __vector_112
                0x00000314                __vector_111
                0x00000314                __vector_80
                0x00000314                __vector_14
                0x00000314                __vector_84
                0x00000314                __vector_57
                0x00000314                __vector_53
                0x00000314                __vector_10
                0x00000314                __vector_50
                0x00000314                __vector_16
                0x00000314                __vector_59
                0x00000314                __vector_18
                0x00000314                __vector_97
                0x00000314                __vector_20
                0x00000314                __vector_42
                0x00000314                __vector_87
                0x00000314                __vector_65
 .text          0x00000318       0xe4 objdir/simpleserial-aes.o
                0x0000031a                update_key
                0x0000036c                encrypt
                0x00000320                main
                0x00000318                no_op
 .text          0x000003fc      0x282 objdir/simpleserial.o
                0x000004ea                simpleserial_init
                0x00000560                simpleserial_get
                0x000003fc                hex_decode
                0x0000049c                check_version
                0x000004a0                simpleserial_addcmd
                0x000004fa                simpleserial_put
 .text          0x0000067e        0x0 objdir/XMEGA_AES_driver.o
 .text          0x0000067e       0x8a objdir/uart.o
                0x000006ea                input_ch_0
                0x000006f8                output_ch_0
                0x0000067e                init_uart0
                0x000006a6                input_ch_w_timeout_0
 .text          0x00000708      0x156 objdir/usart_driver.o
                0x00000842                USART_NineBits_GetChar
                0x00000734                USART_TXBuffer_PutByte
                0x000007ac                USART_RXComplete
                0x000007e4                USART_DataRegEmpty
                0x0000082c                USART_NineBits_PutChar
                0x00000720                USART_TXBuffer_FreeSpace
                0x0000077c                USART_RXBufferData_Available
                0x0000078c                USART_RXBuffer_GetByte
                0x0000071a                USART_InterruptDriver_DreInterruptLevel_Set
                0x00000708                USART_InterruptDriver_Initialize
 .text          0x0000085e       0x36 objdir/xmega_hal.o
                0x0000085e                platform_init
 .text          0x00000894       0x18 objdir/aes-independant.o
                0x00000894                aes_indep_init
                0x00000896                aes_indep_mask
                0x00000898                aes_indep_enc
                0x000008a2                aes_indep_key
 .text          0x000008ac      0x294 objdir/aes_enc.o
                0x000008ac                aes_shiftcol
                0x00000936                aes_encrypt_core
 .text          0x00000b40      0x1f2 objdir/aes_keyschedule.o
                0x00000d1a                aes192_init
                0x00000d26                aes128_init
                0x00000d0e                aes256_init
                0x00000b40                aes_init
 .text          0x00000d32        0x0 objdir/aes_sbox.o
 .text          0x00000d32        0x8 objdir/aes128_enc.o
                0x00000d32                aes128_enc
 .text          0x00000d3a       0x1a objdir/gf256mul.o
                0x00000d3a                gf256mul
 .text          0x00000d54        0x0 d:/winavr/bin/../lib/gcc/avr/4.3.3/avrxmega6\libgcc.a(_exit.o)
 .text          0x00000d54        0x0 d:/winavr/bin/../lib/gcc/avr/4.3.3/avrxmega6\libgcc.a(_clear_bss.o)
 .text          0x00000d54        0x0 d:/winavr/bin/../lib/gcc/avr/4.3.3/../../../../avr/lib/avrxmega6\libc.a(memcpy.o)
                0x00000d54                . = ALIGN (0x2)
 *(.text.*)
 .text.libgcc   0x00000d54        0x0 d:/winavr/bin/../lib/gcc/avr/4.3.3/avrxmega6\libgcc.a(_exit.o)
 .text.libgcc   0x00000d54        0x0 d:/winavr/bin/../lib/gcc/avr/4.3.3/avrxmega6\libgcc.a(_clear_bss.o)
 .text.avr-libc
                0x00000d54       0x12 d:/winavr/bin/../lib/gcc/avr/4.3.3/../../../../avr/lib/avrxmega6\libc.a(memcpy.o)
                0x00000d54                memcpy
                0x00000d66                . = ALIGN (0x2)
 *(.fini9)
 .fini9         0x00000d66        0x0 d:/winavr/bin/../lib/gcc/avr/4.3.3/avrxmega6\libgcc.a(_exit.o)
                0x00000d66                exit
                0x00000d66                _exit
 *(.fini9)
 *(.fini8)
 *(.fini8)
 *(.fini7)
 *(.fini7)
 *(.fini6)
 *(.fini6)
 *(.fini5)
 *(.fini5)
 *(.fini4)
 *(.fini4)
 *(.fini3)
 *(.fini3)
 *(.fini2)
 *(.fini2)
 *(.fini1)
 *(.fini1)
 *(.fini0)
 .fini0         0x00000d66        0x4 d:/winavr/bin/../lib/gcc/avr/4.3.3/avrxmega6\libgcc.a(_exit.o)
 *(.fini0)
                0x00000d6a                _etext = .

.data           0x00802000       0x20 load address 0x00000d6a
                0x00802000                PROVIDE (__data_start, .)
 *(.data)
 .data          0x00802000        0x0 d:/winavr/bin/../lib/gcc/avr/4.3.3/../../../../avr/lib/avrxmega6/crtx128d3.o
 .data          0x00802000       0x10 objdir/simpleserial-aes.o
                0x00802000                tmp
 .data          0x00802010       0x10 objdir/simpleserial.o
 .data          0x00802020        0x0 objdir/XMEGA_AES_driver.o
 .data          0x00802020        0x0 objdir/uart.o
 .data          0x00802020        0x0 objdir/usart_driver.o
 .data          0x00802020        0x0 objdir/xmega_hal.o
 .data          0x00802020        0x0 objdir/aes-independant.o
 .data          0x00802020        0x0 objdir/aes_enc.o
 .data          0x00802020        0x0 objdir/aes_keyschedule.o
 .data          0x00802020        0x0 objdir/aes_sbox.o
 .data          0x00802020        0x0 objdir/aes128_enc.o
 .data          0x00802020        0x0 objdir/gf256mul.o
 .data          0x00802020        0x0 d:/winavr/bin/../lib/gcc/avr/4.3.3/avrxmega6\libgcc.a(_exit.o)
 .data          0x00802020        0x0 d:/winavr/bin/../lib/gcc/avr/4.3.3/avrxmega6\libgcc.a(_clear_bss.o)
 .data          0x00802020        0x0 d:/winavr/bin/../lib/gcc/avr/4.3.3/../../../../avr/lib/avrxmega6\libc.a(memcpy.o)
 *(.data*)
 *(.rodata)
 *(.rodata*)
 *(.gnu.linkonce.d*)
                0x00802020                . = ALIGN (0x2)
                0x00802020                _edata = .
                0x00802020                PROVIDE (__data_end, .)

.bss            0x00802020      0x124
                0x00802020                PROVIDE (__bss_start, .)
 *(.bss)
 .bss           0x00802020        0x0 d:/winavr/bin/../lib/gcc/avr/4.3.3/../../../../avr/lib/avrxmega6/crtx128d3.o
 .bss           0x00802020       0x20 objdir/simpleserial-aes.o
 .bss           0x00802040       0x34 objdir/simpleserial.o
 .bss           0x00802074        0x0 objdir/XMEGA_AES_driver.o
 .bss           0x00802074        0x0 objdir/uart.o
 .bss           0x00802074        0x0 objdir/usart_driver.o
 .bss           0x00802074        0x0 objdir/xmega_hal.o
 .bss           0x00802074        0x0 objdir/aes-independant.o
 .bss           0x00802074        0x0 objdir/aes_enc.o
 .bss           0x00802074        0x0 objdir/aes_keyschedule.o
 .bss           0x00802074        0x0 objdir/aes_sbox.o
 .bss           0x00802074        0x0 objdir/aes128_enc.o
 .bss           0x00802074        0x0 objdir/gf256mul.o
 .bss           0x00802074        0x0 d:/winavr/bin/../lib/gcc/avr/4.3.3/avrxmega6\libgcc.a(_exit.o)
 .bss           0x00802074        0x0 d:/winavr/bin/../lib/gcc/avr/4.3.3/avrxmega6\libgcc.a(_clear_bss.o)
 .bss           0x00802074        0x0 d:/winavr/bin/../lib/gcc/avr/4.3.3/../../../../avr/lib/avrxmega6\libc.a(memcpy.o)
 *(.bss*)
 *(COMMON)
 COMMON         0x00802074       0x20 objdir/simpleserial-aes.o
                0x00802074                pt
                0x00802084                ct
 COMMON         0x00802094       0xb0 objdir/aes-independant.o
                0x00802094                ctx
                0x00802144                PROVIDE (__bss_end, .)
                0x00000d6a                __data_load_start = LOADADDR (.data)
                0x00000d8a                __data_load_end = (__data_load_start + SIZEOF (.data))

.noinit         0x00802144        0x0
                0x00802144                PROVIDE (__noinit_start, .)
 *(.noinit*)
                0x00802144                PROVIDE (__noinit_end, .)
                0x00802144                _end = .
                0x00802144                PROVIDE (__heap_start, .)

.eeprom         0x00810000        0x0
 *(.eeprom*)
                0x00810000                __eeprom_end = .

.fuse
 *(.fuse)
 *(.lfuse)
 *(.hfuse)
 *(.efuse)

.lock
 *(.lock*)

.signature
 *(.signature*)

.stab           0x00000000       0xc0
 *(.stab)
 .stab          0x00000000       0xc0 objdir/gf256mul.o

.stabstr        0x00000000       0x5d
 *(.stabstr)
 .stabstr       0x00000000       0x5d objdir/gf256mul.o

.stab.excl
 *(.stab.excl)

.stab.exclstr
 *(.stab.exclstr)

.stab.index
 *(.stab.index)

.stab.indexstr
 *(.stab.indexstr)

.comment
 *(.comment)

.debug
 *(.debug)

.line
 *(.line)

.debug_srcinfo
 *(.debug_srcinfo)

.debug_sfnames
 *(.debug_sfnames)

.debug_aranges  0x00000000      0x120
 *(.debug_aranges)
 .debug_aranges
                0x00000000       0x20 objdir/simpleserial-aes.o
 .debug_aranges
                0x00000020       0x20 objdir/simpleserial.o
 .debug_aranges
                0x00000040       0x20 objdir/uart.o
 .debug_aranges
                0x00000060       0x20 objdir/usart_driver.o
 .debug_aranges
                0x00000080       0x20 objdir/xmega_hal.o
 .debug_aranges
                0x000000a0       0x20 objdir/aes-independant.o
 .debug_aranges
                0x000000c0       0x20 objdir/aes_enc.o
 .debug_aranges
                0x000000e0       0x20 objdir/aes_keyschedule.o
 .debug_aranges
                0x00000100       0x20 objdir/aes128_enc.o

.debug_pubnames
                0x00000000      0x3d1
 *(.debug_pubnames)
 .debug_pubnames
                0x00000000       0x56 objdir/simpleserial-aes.o
 .debug_pubnames
                0x00000056       0x8b objdir/simpleserial.o
 .debug_pubnames
                0x000000e1       0x59 objdir/uart.o
 .debug_pubnames
                0x0000013a      0x13d objdir/usart_driver.o
 .debug_pubnames
                0x00000277       0x24 objdir/xmega_hal.o
 .debug_pubnames
                0x0000029b       0x64 objdir/aes-independant.o
 .debug_pubnames
                0x000002ff       0x38 objdir/aes_enc.o
 .debug_pubnames
                0x00000337       0x5a objdir/aes_keyschedule.o
 .debug_pubnames
                0x00000391       0x1f objdir/aes_sbox.o
 .debug_pubnames
                0x000003b0       0x21 objdir/aes128_enc.o

.debug_info     0x00000000     0x1d89
 *(.debug_info)
 .debug_info    0x00000000      0x334 objdir/simpleserial-aes.o
 .debug_info    0x00000334      0x348 objdir/simpleserial.o
 .debug_info    0x0000067c        0x0 objdir/XMEGA_AES_driver.o
 .debug_info    0x0000067c      0x35f objdir/uart.o
 .debug_info    0x000009db      0x583 objdir/usart_driver.o
 .debug_info    0x00000f5e      0x2f4 objdir/xmega_hal.o
 .debug_info    0x00001252      0x176 objdir/aes-independant.o
 .debug_info    0x000013c8      0x307 objdir/aes_enc.o
 .debug_info    0x000016cf      0x4ef objdir/aes_keyschedule.o
 .debug_info    0x00001bbe       0x96 objdir/aes_sbox.o
 .debug_info    0x00001c54      0x135 objdir/aes128_enc.o
 *(.gnu.linkonce.wi.*)

.debug_abbrev   0x00000000      0xb71
 *(.debug_abbrev)
 .debug_abbrev  0x00000000      0x115 objdir/simpleserial-aes.o
 .debug_abbrev  0x00000115      0x149 objdir/simpleserial.o
 .debug_abbrev  0x0000025e        0x1 objdir/XMEGA_AES_driver.o
 .debug_abbrev  0x0000025f      0x100 objdir/uart.o
 .debug_abbrev  0x0000035f      0x24e objdir/usart_driver.o
 .debug_abbrev  0x000005ad       0xb2 objdir/xmega_hal.o
 .debug_abbrev  0x0000065f       0xd2 objdir/aes-independant.o
 .debug_abbrev  0x00000731      0x186 objdir/aes_enc.o
 .debug_abbrev  0x000008b7      0x19d objdir/aes_keyschedule.o
 .debug_abbrev  0x00000a54       0x6a objdir/aes_sbox.o
 .debug_abbrev  0x00000abe       0xb3 objdir/aes128_enc.o

.debug_line     0x00000000      0xf8a
 *(.debug_line)
 .debug_line    0x00000000      0x19c objdir/simpleserial-aes.o
 .debug_line    0x0000019c      0x269 objdir/simpleserial.o
 .debug_line    0x00000405       0x24 objdir/XMEGA_AES_driver.o
 .debug_line    0x00000429      0x145 objdir/uart.o
 .debug_line    0x0000056e      0x2d5 objdir/usart_driver.o
 .debug_line    0x00000843       0xea objdir/xmega_hal.o
 .debug_line    0x0000092d      0x11e objdir/aes-independant.o
 .debug_line    0x00000a4b      0x1fe objdir/aes_enc.o
 .debug_line    0x00000c49      0x1e4 objdir/aes_keyschedule.o
 .debug_line    0x00000e2d       0x9a objdir/aes_sbox.o
 .debug_line    0x00000ec7       0xc3 objdir/aes128_enc.o

.debug_frame    0x00000000      0x2d0
 *(.debug_frame)
 .debug_frame   0x00000000       0x50 objdir/simpleserial-aes.o
 .debug_frame   0x00000050       0x70 objdir/simpleserial.o
 .debug_frame   0x000000c0       0x50 objdir/uart.o
 .debug_frame   0x00000110       0xb0 objdir/usart_driver.o
 .debug_frame   0x000001c0       0x20 objdir/xmega_hal.o
 .debug_frame   0x000001e0       0x50 objdir/aes-independant.o
 .debug_frame   0x00000230       0x30 objdir/aes_enc.o
 .debug_frame   0x00000260       0x50 objdir/aes_keyschedule.o
 .debug_frame   0x000002b0       0x20 objdir/aes128_enc.o

.debug_str      0x00000000      0x96f
 *(.debug_str)
 .debug_str     0x00000000      0x194 objdir/simpleserial-aes.o
                                0x1c8 (size before relaxing)
 .debug_str     0x00000194       0xc3 objdir/simpleserial.o
                                0x197 (size before relaxing)
 .debug_str     0x00000257      0x171 objdir/uart.o
                                0x309 (size before relaxing)
 .debug_str     0x000003c8      0x265 objdir/usart_driver.o
                                0x3b7 (size before relaxing)
 .debug_str     0x0000062d      0x116 objdir/xmega_hal.o
                                0x2a4 (size before relaxing)
 .debug_str     0x00000743       0x74 objdir/aes-independant.o
                                0x133 (size before relaxing)
 .debug_str     0x000007b7       0xb4 objdir/aes_enc.o
                                0x190 (size before relaxing)
 .debug_str     0x0000086b       0xa5 objdir/aes_keyschedule.o
                                0x1b1 (size before relaxing)
 .debug_str     0x00000910       0x29 objdir/aes_sbox.o
                                 0xf1 (size before relaxing)
 .debug_str     0x00000939       0x36 objdir/aes128_enc.o
                                0x118 (size before relaxing)

.debug_loc      0x00000000      0x985
 *(.debug_loc)
 .debug_loc     0x00000000       0x88 objdir/simpleserial-aes.o
 .debug_loc     0x00000088      0x21f objdir/simpleserial.o
 .debug_loc     0x000002a7       0x6a objdir/uart.o
 .debug_loc     0x00000311      0x217 objdir/usart_driver.o
 .debug_loc     0x00000528       0x30 objdir/aes-independant.o
 .debug_loc     0x00000558      0x119 objdir/aes_enc.o
 .debug_loc     0x00000671      0x2e4 objdir/aes_keyschedule.o
 .debug_loc     0x00000955       0x30 objdir/aes128_enc.o

.debug_macinfo
 *(.debug_macinfo)
OUTPUT(simpleserial-mode-CW303.elf elf32-avr)
LOAD linker stubs

.debug_ranges   0x00000000       0x80
 .debug_ranges  0x00000000       0x50 objdir/aes_enc.o
 .debug_ranges  0x00000050       0x30 objdir/aes_keyschedule.o

Cross Reference Table

Symbol                                            File
USART_DataRegEmpty                                objdir/usart_driver.o
USART_InterruptDriver_DreInterruptLevel_Set       objdir/usart_driver.o
USART_InterruptDriver_Initialize                  objdir/usart_driver.o
USART_NineBits_GetChar                            objdir/usart_driver.o
USART_NineBits_PutChar                            objdir/usart_driver.o
USART_RXBufferData_Available                      objdir/usart_driver.o
USART_RXBuffer_GetByte                            objdir/usart_driver.o
USART_RXComplete                                  objdir/usart_driver.o
USART_TXBuffer_FreeSpace                          objdir/usart_driver.o
USART_TXBuffer_PutByte                            objdir/usart_driver.o
__bad_interrupt                                   d:/winavr/bin/../lib/gcc/avr/4.3.3/../../../../avr/lib/avrxmega6/crtx128d3.o
__bss_end                                         d:/winavr/bin/../lib/gcc/avr/4.3.3/avrxmega6\libgcc.a(_clear_bss.o)
__bss_start                                       d:/winavr/bin/../lib/gcc/avr/4.3.3/avrxmega6\libgcc.a(_clear_bss.o)
__data_end                                        d:/winavr/bin/../lib/gcc/avr/4.3.3/../../../../avr/lib/avrxmega6/crtx128d3.o
__data_load_start                                 d:/winavr/bin/../lib/gcc/avr/4.3.3/../../../../avr/lib/avrxmega6/crtx128d3.o
__data_start                                      d:/winavr/bin/../lib/gcc/avr/4.3.3/../../../../avr/lib/avrxmega6/crtx128d3.o
__do_clear_bss                                    d:/winavr/bin/../lib/gcc/avr/4.3.3/avrxmega6\libgcc.a(_clear_bss.o)
                                                  objdir/aes-independant.o
                                                  objdir/simpleserial.o
                                                  objdir/simpleserial-aes.o
__do_copy_data                                    d:/winavr/bin/../lib/gcc/avr/4.3.3/../../../../avr/lib/avrxmega6/crtx128d3.o
                                                  objdir/simpleserial.o
                                                  objdir/simpleserial-aes.o
__heap_end                                        d:/winavr/bin/../lib/gcc/avr/4.3.3/../../../../avr/lib/avrxmega6/crtx128d3.o
__init                                            d:/winavr/bin/../lib/gcc/avr/4.3.3/../../../../avr/lib/avrxmega6/crtx128d3.o
__stack                                           d:/winavr/bin/../lib/gcc/avr/4.3.3/../../../../avr/lib/avrxmega6/crtx128d3.o
__vector_1                                        d:/winavr/bin/../lib/gcc/avr/4.3.3/../../../../avr/lib/avrxmega6/crtx128d3.o
__vector_10                                       d:/winavr/bin/../lib/gcc/avr/4.3.3/../../../../avr/lib/avrxmega6/crtx128d3.o
__vector_100                                      d:/winavr/bin/../lib/gcc/avr/4.3.3/../../../../avr/lib/avrxmega6/crtx128d3.o
__vector_101                                      d:/winavr/bin/../lib/gcc/avr/4.3.3/../../../../avr/lib/avrxmega6/crtx128d3.o
__vector_102                                      d:/winavr/bin/../lib/gcc/avr/4.3.3/../../../../avr/lib/avrxmega6/crtx128d3.o
__vector_103                                      d:/winavr/bin/../lib/gcc/avr/4.3.3/../../../../avr/lib/avrxmega6/crtx128d3.o
__vector_104                                      d:/winavr/bin/../lib/gcc/avr/4.3.3/../../../../avr/lib/avrxmega6/crtx128d3.o
__vector_105                                      d:/winavr/bin/../lib/gcc/avr/4.3.3/../../../../avr/lib/avrxmega6/crtx128d3.o
__vector_106                                      d:/winavr/bin/../lib/gcc/avr/4.3.3/../../../../avr/lib/avrxmega6/crtx128d3.o
__vector_107                                      d:/winavr/bin/../lib/gcc/avr/4.3.3/../../../../avr/lib/avrxmega6/crtx128d3.o
__vector_108                                      d:/winavr/bin/../lib/gcc/avr/4.3.3/../../../../avr/lib/avrxmega6/crtx128d3.o
__vector_109                                      d:/winavr/bin/../lib/gcc/avr/4.3.3/../../../../avr/lib/avrxmega6/crtx128d3.o
__vector_11                                       d:/winavr/bin/../lib/gcc/avr/4.3.3/../../../../avr/lib/avrxmega6/crtx128d3.o
__vector_110                                      d:/winavr/bin/../lib/gcc/avr/4.3.3/../../../../avr/lib/avrxmega6/crtx128d3.o
__vector_111                                      d:/winavr/bin/../lib/gcc/avr/4.3.3/../../../../avr/lib/avrxmega6/crtx128d3.o
__vector_112                                      d:/winavr/bin/../lib/gcc/avr/4.3.3/../../../../avr/lib/avrxmega6/crtx128d3.o
__vector_113                                      d:/winavr/bin/../lib/gcc/avr/4.3.3/../../../../avr/lib/avrxmega6/crtx128d3.o
__vector_12                                       d:/winavr/bin/../lib/gcc/avr/4.3.3/../../../../avr/lib/avrxmega6/crtx128d3.o
__vector_13                                       d:/winavr/bin/../lib/gcc/avr/4.3.3/../../../../avr/lib/avrxmega6/crtx128d3.o
__vector_14                                       d:/winavr/bin/../lib/gcc/avr/4.3.3/../../../../avr/lib/avrxmega6/crtx128d3.o
__vector_15                                       d:/winavr/bin/../lib/gcc/avr/4.3.3/../../../../avr/lib/avrxmega6/crtx128d3.o
__vector_16                                       d:/winavr/bin/../lib/gcc/avr/4.3.3/../../../../avr/lib/avrxmega6/crtx128d3.o
__vector_17                                       d:/winavr/bin/../lib/gcc/avr/4.3.3/../../../../avr/lib/avrxmega6/crtx128d3.o
__vector_18                                       d:/winavr/bin/../lib/gcc/avr/4.3.3/../../../../avr/lib/avrxmega6/crtx128d3.o
__vector_19                                       d:/winavr/bin/../lib/gcc/avr/4.3.3/../../../../avr/lib/avrxmega6/crtx128d3.o
__vector_2                                        d:/winavr/bin/../lib/gcc/avr/4.3.3/../../../../avr/lib/avrxmega6/crtx128d3.o
__vector_20                                       d:/winavr/bin/../lib/gcc/avr/4.3.3/../../../../avr/lib/avrxmega6/crtx128d3.o
__vector_21                                       d:/winavr/bin/../lib/gcc/avr/4.3.3/../../../../avr/lib/avrxmega6/crtx128d3.o
__vector_22                                       d:/winavr/bin/../lib/gcc/avr/4.3.3/../../../../avr/lib/avrxmega6/crtx128d3.o
__vector_23                                       d:/winavr/bin/../lib/gcc/avr/4.3.3/../../../../avr/lib/avrxmega6/crtx128d3.o
__vector_24                                       d:/winavr/bin/../lib/gcc/avr/4.3.3/../../../../avr/lib/avrxmega6/crtx128d3.o
__vector_25                                       d:/winavr/bin/../lib/gcc/avr/4.3.3/../../../../avr/lib/avrxmega6/crtx128d3.o
__vector_26                                       d:/winavr/bin/../lib/gcc/avr/4.3.3/../../../../avr/lib/avrxmega6/crtx128d3.o
__vector_27                                       d:/winavr/bin/../lib/gcc/avr/4.3.3/../../../../avr/lib/avrxmega6/crtx128d3.o
__vector_28                                       d:/winavr/bin/../lib/gcc/avr/4.3.3/../../../../avr/lib/avrxmega6/crtx128d3.o
__vector_29                                       d:/winavr/bin/../lib/gcc/avr/4.3.3/../../../../avr/lib/avrxmega6/crtx128d3.o
__vector_3                                        d:/winavr/bin/../lib/gcc/avr/4.3.3/../../../../avr/lib/avrxmega6/crtx128d3.o
__vector_30                                       d:/winavr/bin/../lib/gcc/avr/4.3.3/../../../../avr/lib/avrxmega6/crtx128d3.o
__vector_31                                       d:/winavr/bin/../lib/gcc/avr/4.3.3/../../../../avr/lib/avrxmega6/crtx128d3.o
__vector_32                                       d:/winavr/bin/../lib/gcc/avr/4.3.3/../../../../avr/lib/avrxmega6/crtx128d3.o
__vector_33                                       d:/winavr/bin/../lib/gcc/avr/4.3.3/../../../../avr/lib/avrxmega6/crtx128d3.o
__vector_34                                       d:/winavr/bin/../lib/gcc/avr/4.3.3/../../../../avr/lib/avrxmega6/crtx128d3.o
__vector_35                                       d:/winavr/bin/../lib/gcc/avr/4.3.3/../../../../avr/lib/avrxmega6/crtx128d3.o
__vector_36                                       d:/winavr/bin/../lib/gcc/avr/4.3.3/../../../../avr/lib/avrxmega6/crtx128d3.o
__vector_37                                       d:/winavr/bin/../lib/gcc/avr/4.3.3/../../../../avr/lib/avrxmega6/crtx128d3.o
__vector_38                                       d:/winavr/bin/../lib/gcc/avr/4.3.3/../../../../avr/lib/avrxmega6/crtx128d3.o
__vector_39                                       d:/winavr/bin/../lib/gcc/avr/4.3.3/../../../../avr/lib/avrxmega6/crtx128d3.o
__vector_4                                        d:/winavr/bin/../lib/gcc/avr/4.3.3/../../../../avr/lib/avrxmega6/crtx128d3.o
__vector_40                                       d:/winavr/bin/../lib/gcc/avr/4.3.3/../../../../avr/lib/avrxmega6/crtx128d3.o
__vector_41                                       d:/winavr/bin/../lib/gcc/avr/4.3.3/../../../../avr/lib/avrxmega6/crtx128d3.o
__vector_42                                       d:/winavr/bin/../lib/gcc/avr/4.3.3/../../../../avr/lib/avrxmega6/crtx128d3.o
__vector_43                                       d:/winavr/bin/../lib/gcc/avr/4.3.3/../../../../avr/lib/avrxmega6/crtx128d3.o
__vector_44                                       d:/winavr/bin/../lib/gcc/avr/4.3.3/../../../../avr/lib/avrxmega6/crtx128d3.o
__vector_45                                       d:/winavr/bin/../lib/gcc/avr/4.3.3/../../../../avr/lib/avrxmega6/crtx128d3.o
__vector_46                                       d:/winavr/bin/../lib/gcc/avr/4.3.3/../../../../avr/lib/avrxmega6/crtx128d3.o
__vector_47                                       d:/winavr/bin/../lib/gcc/avr/4.3.3/../../../../avr/lib/avrxmega6/crtx128d3.o
__vector_48                                       d:/winavr/bin/../lib/gcc/avr/4.3.3/../../../../avr/lib/avrxmega6/crtx128d3.o
__vector_49                                       d:/winavr/bin/../lib/gcc/avr/4.3.3/../../../../avr/lib/avrxmega6/crtx128d3.o
__vector_5                                        d:/winavr/bin/../lib/gcc/avr/4.3.3/../../../../avr/lib/avrxmega6/crtx128d3.o
__vector_50                                       d:/winavr/bin/../lib/gcc/avr/4.3.3/../../../../avr/lib/avrxmega6/crtx128d3.o
__vector_51                                       d:/winavr/bin/../lib/gcc/avr/4.3.3/../../../../avr/lib/avrxmega6/crtx128d3.o
__vector_52                                       d:/winavr/bin/../lib/gcc/avr/4.3.3/../../../../avr/lib/avrxmega6/crtx128d3.o
__vector_53                                       d:/winavr/bin/../lib/gcc/avr/4.3.3/../../../../avr/lib/avrxmega6/crtx128d3.o
__vector_54                                       d:/winavr/bin/../lib/gcc/avr/4.3.3/../../../../avr/lib/avrxmega6/crtx128d3.o
__vector_55                                       d:/winavr/bin/../lib/gcc/avr/4.3.3/../../../../avr/lib/avrxmega6/crtx128d3.o
__vector_56                                       d:/winavr/bin/../lib/gcc/avr/4.3.3/../../../../avr/lib/avrxmega6/crtx128d3.o
__vector_57                                       d:/winavr/bin/../lib/gcc/avr/4.3.3/../../../../avr/lib/avrxmega6/crtx128d3.o
__vector_58                                       d:/winavr/bin/../lib/gcc/avr/4.3.3/../../../../avr/lib/avrxmega6/crtx128d3.o
__vector_59                                       d:/winavr/bin/../lib/gcc/avr/4.3.3/../../../../avr/lib/avrxmega6/crtx128d3.o
__vector_6                                        d:/winavr/bin/../lib/gcc/avr/4.3.3/../../../../avr/lib/avrxmega6/crtx128d3.o
__vector_60                                       d:/winavr/bin/../lib/gcc/avr/4.3.3/../../../../avr/lib/avrxmega6/crtx128d3.o
__vector_61                                       d:/winavr/bin/../lib/gcc/avr/4.3.3/../../../../avr/lib/avrxmega6/crtx128d3.o
__vector_62                                       d:/winavr/bin/../lib/gcc/avr/4.3.3/../../../../avr/lib/avrxmega6/crtx128d3.o
__vector_63                                       d:/winavr/bin/../lib/gcc/avr/4.3.3/../../../../avr/lib/avrxmega6/crtx128d3.o
__vector_64                                       d:/winavr/bin/../lib/gcc/avr/4.3.3/../../../../avr/lib/avrxmega6/crtx128d3.o
__vector_65                                       d:/winavr/bin/../lib/gcc/avr/4.3.3/../../../../avr/lib/avrxmega6/crtx128d3.o
__vector_66                                       d:/winavr/bin/../lib/gcc/avr/4.3.3/../../../../avr/lib/avrxmega6/crtx128d3.o
__vector_67                                       d:/winavr/bin/../lib/gcc/avr/4.3.3/../../../../avr/lib/avrxmega6/crtx128d3.o
__vector_68                                       d:/winavr/bin/../lib/gcc/avr/4.3.3/../../../../avr/lib/avrxmega6/crtx128d3.o
__vector_69                                       d:/winavr/bin/../lib/gcc/avr/4.3.3/../../../../avr/lib/avrxmega6/crtx128d3.o
__vector_7                                        d:/winavr/bin/../lib/gcc/avr/4.3.3/../../../../avr/lib/avrxmega6/crtx128d3.o
__vector_70                                       d:/winavr/bin/../lib/gcc/avr/4.3.3/../../../../avr/lib/avrxmega6/crtx128d3.o
__vector_71                                       d:/winavr/bin/../lib/gcc/avr/4.3.3/../../../../avr/lib/avrxmega6/crtx128d3.o
__vector_72                                       d:/winavr/bin/../lib/gcc/avr/4.3.3/../../../../avr/lib/avrxmega6/crtx128d3.o
__vector_73                                       d:/winavr/bin/../lib/gcc/avr/4.3.3/../../../../avr/lib/avrxmega6/crtx128d3.o
__vector_74                                       d:/winavr/bin/../lib/gcc/avr/4.3.3/../../../../avr/lib/avrxmega6/crtx128d3.o
__vector_75                                       d:/winavr/bin/../lib/gcc/avr/4.3.3/../../../../avr/lib/avrxmega6/crtx128d3.o
__vector_76                                       d:/winavr/bin/../lib/gcc/avr/4.3.3/../../../../avr/lib/avrxmega6/crtx128d3.o
__vector_77                                       d:/winavr/bin/../lib/gcc/avr/4.3.3/../../../../avr/lib/avrxmega6/crtx128d3.o
__vector_78                                       d:/winavr/bin/../lib/gcc/avr/4.3.3/../../../../avr/lib/avrxmega6/crtx128d3.o
__vector_79                                       d:/winavr/bin/../lib/gcc/avr/4.3.3/../../../../avr/lib/avrxmega6/crtx128d3.o
__vector_8                                        d:/winavr/bin/../lib/gcc/avr/4.3.3/../../../../avr/lib/avrxmega6/crtx128d3.o
__vector_80                                       d:/winavr/bin/../lib/gcc/avr/4.3.3/../../../../avr/lib/avrxmega6/crtx128d3.o
__vector_81                                       d:/winavr/bin/../lib/gcc/avr/4.3.3/../../../../avr/lib/avrxmega6/crtx128d3.o
__vector_82                                       d:/winavr/bin/../lib/gcc/avr/4.3.3/../../../../avr/lib/avrxmega6/crtx128d3.o
__vector_83                                       d:/winavr/bin/../lib/gcc/avr/4.3.3/../../../../avr/lib/avrxmega6/crtx128d3.o
__vector_84                                       d:/winavr/bin/../lib/gcc/avr/4.3.3/../../../../avr/lib/avrxmega6/crtx128d3.o
__vector_85                                       d:/winavr/bin/../lib/gcc/avr/4.3.3/../../../../avr/lib/avrxmega6/crtx128d3.o
__vector_86                                       d:/winavr/bin/../lib/gcc/avr/4.3.3/../../../../avr/lib/avrxmega6/crtx128d3.o
__vector_87                                       d:/winavr/bin/../lib/gcc/avr/4.3.3/../../../../avr/lib/avrxmega6/crtx128d3.o
__vector_88                                       d:/winavr/bin/../lib/gcc/avr/4.3.3/../../../../avr/lib/avrxmega6/crtx128d3.o
__vector_89                                       d:/winavr/bin/../lib/gcc/avr/4.3.3/../../../../avr/lib/avrxmega6/crtx128d3.o
__vector_9                                        d:/winavr/bin/../lib/gcc/avr/4.3.3/../../../../avr/lib/avrxmega6/crtx128d3.o
__vector_90                                       d:/winavr/bin/../lib/gcc/avr/4.3.3/../../../../avr/lib/avrxmega6/crtx128d3.o
__vector_91                                       d:/winavr/bin/../lib/gcc/avr/4.3.3/../../../../avr/lib/avrxmega6/crtx128d3.o
__vector_92                                       d:/winavr/bin/../lib/gcc/avr/4.3.3/../../../../avr/lib/avrxmega6/crtx128d3.o
__vector_93                                       d:/winavr/bin/../lib/gcc/avr/4.3.3/../../../../avr/lib/avrxmega6/crtx128d3.o
__vector_94                                       d:/winavr/bin/../lib/gcc/avr/4.3.3/../../../../avr/lib/avrxmega6/crtx128d3.o
__vector_95                                       d:/winavr/bin/../lib/gcc/avr/4.3.3/../../../../avr/lib/avrxmega6/crtx128d3.o
__vector_96                                       d:/winavr/bin/../lib/gcc/avr/4.3.3/../../../../avr/lib/avrxmega6/crtx128d3.o
__vector_97                                       d:/winavr/bin/../lib/gcc/avr/4.3.3/../../../../avr/lib/avrxmega6/crtx128d3.o
__vector_98                                       d:/winavr/bin/../lib/gcc/avr/4.3.3/../../../../avr/lib/avrxmega6/crtx128d3.o
__vector_99                                       d:/winavr/bin/../lib/gcc/avr/4.3.3/../../../../avr/lib/avrxmega6/crtx128d3.o
__vector_default                                  d:/winavr/bin/../lib/gcc/avr/4.3.3/../../../../avr/lib/avrxmega6/crtx128d3.o
__vectors                                         d:/winavr/bin/../lib/gcc/avr/4.3.3/../../../../avr/lib/avrxmega6/crtx128d3.o
_exit                                             d:/winavr/bin/../lib/gcc/avr/4.3.3/avrxmega6\libgcc.a(_exit.o)
aes128_enc                                        objdir/aes128_enc.o
                                                  objdir/aes-independant.o
aes128_init                                       objdir/aes_keyschedule.o
                                                  objdir/aes-independant.o
aes192_init                                       objdir/aes_keyschedule.o
aes256_init                                       objdir/aes_keyschedule.o
aes_encrypt_core                                  objdir/aes_enc.o
                                                  objdir/aes128_enc.o
aes_indep_enc                                     objdir/aes-independant.o
                                                  objdir/simpleserial-aes.o
aes_indep_init                                    objdir/aes-independant.o
                                                  objdir/simpleserial-aes.o
aes_indep_key                                     objdir/aes-independant.o
                                                  objdir/simpleserial-aes.o
aes_indep_mask                                    objdir/aes-independant.o
aes_init                                          objdir/aes_keyschedule.o
aes_sbox                                          objdir/aes_sbox.o
                                                  objdir/aes_keyschedule.o
                                                  objdir/aes_enc.o
aes_shiftcol                                      objdir/aes_enc.o
check_version                                     objdir/simpleserial.o
ct                                                objdir/simpleserial-aes.o
ctx                                               objdir/aes-independant.o
encrypt                                           objdir/simpleserial-aes.o
exit                                              d:/winavr/bin/../lib/gcc/avr/4.3.3/avrxmega6\libgcc.a(_exit.o)
                                                  d:/winavr/bin/../lib/gcc/avr/4.3.3/../../../../avr/lib/avrxmega6/crtx128d3.o
gf256mul                                          objdir/gf256mul.o
                                                  objdir/aes_enc.o
hex_decode                                        objdir/simpleserial.o
init_uart0                                        objdir/uart.o
                                                  objdir/simpleserial-aes.o
input_ch_0                                        objdir/uart.o
                                                  objdir/simpleserial.o
input_ch_w_timeout_0                              objdir/uart.o
main                                              objdir/simpleserial-aes.o
                                                  d:/winavr/bin/../lib/gcc/avr/4.3.3/../../../../avr/lib/avrxmega6/crtx128d3.o
memcpy                                            d:/winavr/bin/../lib/gcc/avr/4.3.3/../../../../avr/lib/avrxmega6\libc.a(memcpy.o)
                                                  objdir/aes_keyschedule.o
no_op                                             objdir/simpleserial-aes.o
output_ch_0                                       objdir/uart.o
                                                  objdir/simpleserial.o
platform_init                                     objdir/xmega_hal.o
                                                  objdir/simpleserial-aes.o
pt                                                objdir/simpleserial-aes.o
rc_tab                                            objdir/aes_keyschedule.o
simpleserial_addcmd                               objdir/simpleserial.o
                                                  objdir/simpleserial-aes.o
simpleserial_get                                  objdir/simpleserial.o
                                                  objdir/simpleserial-aes.o
simpleserial_init                                 objdir/simpleserial.o
simpleserial_put                                  objdir/simpleserial.o
                                                  objdir/simpleserial-aes.o
tmp                                               objdir/simpleserial-aes.o
update_key                                        objdir/simpleserial-aes.o
